=== Amsterdam (AMS) ===
done: Amsterdam -> $1503-2012
=== Atlanta (ATL) ===
done: Atlanta -> $1424-1780
=== Bangalore (BLR) ===
done: Bangalore -> $768-1001
=== Barcelona (BCN) ===
done: Barcelona -> $1316-1867
=== Beijing (PEK) ===
done: Beijing -> $745-961
=== Berlin (BER) ===
done: Berlin -> $1697-1892
=== Boston (BOS) ===
done: Boston -> $1446-1990
=== Buenos_Aires (EZE) ===
done: Buenos_Aires (error/incomplete, see file)
=== Cairo (CAI) ===
done: Cairo -> $884-1045
=== Casablanca (CMN) ===
done: Casablanca -> $1712-1783
=== Chicago (ORD) ===
done: Chicago -> $1251-1356
=== Dallas (DFW) ===
done: Dallas -> $1438-2134
=== Doha (DOH) ===
done: Doha -> $1382-1917
=== Dubai (DXB) ===
done: Dubai -> $1161-2097
=== Dublin (DUB) ===
done: Dublin -> $1270-1722
=== Hong_Kong (HKG) ===
done: Hong_Kong -> $684-1082
=== Johannesburg (JNB) ===
done: Johannesburg -> $1091-1385
=== London (LHR) ===
done: London -> $1534-2596
=== Los_Angeles (LAX) ===
done: Los_Angeles -> $861-1518
=== Madrid (MAD) ===
done: Madrid -> $1279-1554
=== Manchester (MAN) ===
done: Manchester -> $1672-1926
=== Manila (MNL) ===
done: Manila -> $444-1232
=== Mexico_City (MEX) ===
done: Mexico_City (error/incomplete, see file)
=== Miami (MIA) ===
done: Miami -> $1343-2048
BATCH 1 DONE
