=== Milan (MXP) ===
done: Milan -> $1649-2055
=== Montreal (YUL) ===
done: Montreal -> $1202-1246
=== Moscow (SVO) ===
done: Moscow (error/incomplete, see file)
=== Mumbai (BOM) ===
done: Mumbai -> $788-1109
=== Munich (MUC) ===
done: Munich -> $1451-1752
=== Nairobi (NBO) ===
done: Nairobi -> $1082-1149
=== New_Delhi (DEL) ===
done: New_Delhi -> $808-1112
=== New_York_City (JFK) ===
done: New_York_City -> $1330-1973
=== Paris (CDG) ===
done: Paris -> $1163-2216
=== Philadelphia (PHL) ===
done: Philadelphia -> $1227-1402
=== Rio_de_Janeiro (GIG) ===
done: Rio_de_Janeiro (error/incomplete, see file)
=== Rome (FCO) ===
done: Rome -> $1465-1768
=== San_Francisco (SFO) ===
done: San_Francisco -> $1265-1914
=== Sao_Paulo (GRU) ===
done: Sao_Paulo -> $1916-2014
=== Seoul (ICN) ===
done: Seoul -> $638-1089
=== Shanghai (PVG) ===
done: Shanghai -> $695-1452
=== Singapore (SIN) ===
done: Singapore -> $334-1117
=== Stockholm (ARN) ===
done: Stockholm -> $1109-1530
=== Sydney (SYD) ===
done: Sydney -> $125-327
=== Tokyo (NRT) ===
done: Tokyo -> $777-1697
=== Toronto (YYZ) ===
done: Toronto -> $1372-1683
=== Vancouver (YVR) ===
done: Vancouver -> $1085-1144
=== Washington_DC (IAD) ===
done: Washington_DC -> $1606-2094
=== Zurich (ZRH) ===
done: Zurich -> $1292-2305
BATCH 2 DONE
