=== Atlanta (ATL) ===
done: Atlanta -> $1532-2729
=== Boston (BOS) ===
done: Boston -> $1288-2541
=== Chicago (ORD) ===
done: Chicago -> $1185-1932
=== Dallas (DFW) ===
done: Dallas -> $1089-1288
=== Los_Angeles (LAX) ===
done: Los_Angeles -> $929-1790
=== Miami (MIA) ===
done: Miami -> $1390-2951
=== Montreal (YUL) ===
done: Montreal -> $1365-1907
=== New_York_City (JFK) ===
done: New_York_City -> $1160-2015
=== Philadelphia (PHL) ===
done: Philadelphia -> $1238-2147
=== San_Francisco (SFO) ===
done: San_Francisco -> $945-1814
=== Toronto (YYZ) ===
done: Toronto -> $1360-2184
=== Vancouver (YVR) ===
done: Vancouver -> $919-1806
=== Washington_DC (IAD) ===
done: Washington_DC -> $1112-2258
=== Amsterdam (AMS) ===
done: Amsterdam -> $1154-2698
=== Barcelona (BCN) ===
done: Barcelona -> $1243-2869
=== Berlin (BER) ===
done: Berlin -> $1239-2096
=== Dublin (DUB) ===
done: Dublin -> $1473-2239
=== London (LHR) ===
done: London -> $1415-2786
=== Madrid (MAD) ===
done: Madrid -> $1173-1973
=== Manchester (MAN) ===
done: Manchester -> $1574-2411
=== Milan (MXP) ===
done: Milan -> $1177-2127
=== Moscow (SVO) ===
done: Moscow (error/incomplete, see file)
=== Munich (MUC) ===
done: Munich -> $1255-2789
=== Paris (CDG) ===
done: Paris -> $1363-2564
BATCH 1 DONE
