=== Rome (FCO) ===
done: Rome -> $1282-2271
=== Stockholm (ARN) ===
done: Stockholm -> $1153-1861
=== Zurich (ZRH) ===
done: Zurich -> $1371-2169
=== Bangalore (BLR) ===
done: Bangalore -> $797-1419
=== Beijing (PEK) ===
done: Beijing -> $456-1108
=== Doha (DOH) ===
done: Doha (error/incomplete, see file)
=== Dubai (DXB) ===
done: Dubai -> $989-2208
=== Hong_Kong (HKG) ===
done: Hong_Kong -> $327-955
=== Manila (MNL) ===
done: Manila -> $255-884
=== Melbourne (MEL) ===
done: Melbourne -> $819-2099
=== Mumbai (BOM) ===
done: Mumbai -> $663-1295
=== New_Delhi (DEL) ===
done: New_Delhi -> $656-1744
=== Seoul (ICN) ===
done: Seoul -> $329-748
=== Shanghai (PVG) ===
done: Shanghai -> $422-986
=== Singapore (SIN) ===
done: Singapore -> $451-928
=== Sydney (SYD) ===
done: Sydney -> $821-1584
=== Buenos_Aires (EZE) ===
done: Buenos_Aires -> $2851-3729
=== Mexico_City (MEX) ===
done: Mexico_City -> $1513-2356
=== Rio_de_Janeiro (GIG) ===
done: Rio_de_Janeiro -> $1731-2046
=== Sao_Paulo (GRU) ===
done: Sao_Paulo -> $1448-2430
=== Cairo (CAI) ===
done: Cairo -> $1122-1522
=== Casablanca (CMN) ===
done: Casablanca -> $1535-2267
=== Johannesburg (JNB) ===
done: Johannesburg -> $968-1866
=== Nairobi (NBO) ===
done: Nairobi -> $1312-1402
BATCH 2 DONE
